{
    "Should run without failures": {
        "content": [
            {
                "0": [
                    "multiqc_config.yml:md5,7f3cb10fff83ba9eb3e8fa6862d1290a"
                ],
                "1": [
                    "versions.yml:md5,dd4c66f0551d15510b36bb2e2b2fdd73"
                ],
                "versions": [
                    "versions.yml:md5,dd4c66f0551d15510b36bb2e2b2fdd73"
                ],
                "yml": [
                    "multiqc_config.yml:md5,7f3cb10fff83ba9eb3e8fa6862d1290a"
                ]
            }
        ],
        "meta": {
            "nf-test": "0.9.0",
            "nextflow": "24.04.4"
        },
        "timestamp": "2024-09-17T09:16:46.557614"
    }
}