{
    "SRX9626017_SRR13191702": {
        "content": [
            {
                "0": [
                    [
                        "multiqc_config.yml:md5,7f3cb10fff83ba9eb3e8fa6862d1290a",
                        "versions.yml:md5,dd4c66f0551d15510b36bb2e2b2fdd73"
                    ]
                ],
                "1": [
                    "versions.yml:md5,dd4c66f0551d15510b36bb2e2b2fdd73"
                ],
                "versions": [
                    "versions.yml:md5,dd4c66f0551d15510b36bb2e2b2fdd73"
                ],
                "yml": [
                    [
                        "multiqc_config.yml:md5,7f3cb10fff83ba9eb3e8fa6862d1290a",
                        "versions.yml:md5,dd4c66f0551d15510b36bb2e2b2fdd73"
                    ]
                ]
            }
        ],
        "timestamp": "2023-07-05T15:01:18+0000"
    }
}